
> newstarsports@0.1.0 build D:\personal\toy_shop
> turbo build "--filter" "@nss/storefront"

node.exe : ΓÇó turbo 2.8.20
At C:\Users\Durai 
Murugan\AppData\Roaming\npm\pnpm.ps1:24 char:5
+     & "node$exe"  
"$basedir/node_modules/pnpm/bin/pnpm.cjs" $args
+     ~~~~~~~~~~~~~~~~~~~~~~~~~~~~~~~~~~~~~~~~~
~~~~~~~~~~~~~~~~~~~~
    + CategoryInfo          : NotSpecified: (Γ 
   Çó turbo 2.8.20:String) [], RemoteExceptio  
  n
    + FullyQualifiedErrorId : NativeCommandErr 
   or
 

   ΓÇó Packages in scope: @nss/storefront
   ΓÇó Running build in 1 packages
   ΓÇó Remote caching disabled

@nss/storefront:build: cache miss, executing 6023b4bd75d6f405
@nss/storefront:build: 
@nss/storefront:build: > @nss/storefront@0.1.0 build D:\personal\toy_shop\apps\storefront
@nss/storefront:build: > next build
@nss/storefront:build: 
@nss/storefront:build:    Γû▓ Next.js 15.5.14
@nss/storefront:build:    - Environments: .env.local
@nss/storefront:build:    - Experiments (use with caution):
@nss/storefront:build:      ┬╖ optimizePackageImports
@nss/storefront:build: 
@nss/storefront:build:    Creating an optimized production build ...
@nss/storefront:build: Failed to compile.
@nss/storefront:build: 
@nss/storefront:build: app\[locale]\(protected)\checkout\success\[orderNumber]\page.tsx
@nss/storefront:build: You cannot have two parallel pages that resolve to the same path. Please check /[locale]/(protected)/checkout/success/[orderNumber]/page and /[locale]/checkout/success/[orderNumber]/page. Refer to the route group docs for more information: https://nextjs.org/docs/app/building-your-application/routing/route-groups
@nss/storefront:build: 
@nss/storefront:build: app\[locale]\checkout\success\[orderNumber]\page.tsx
@nss/storefront:build: You cannot have two parallel pages that resolve to the same path. Please check /[locale]/(protected)/checkout/success/[orderNumber]/page and /[locale]/checkout/success/[orderNumber]/page. Refer to the route group docs for more information: https://nextjs.org/docs/app/building-your-application/routing/route-groups
@nss/storefront:build: 
@nss/storefront:build: 
@nss/storefront:build: > Build failed because of webpack errors
@nss/storefront:build: ΓÇëELIFECYCLEΓÇë Command failed with exit code 1.
 ERROR  @nss/storefront#build: command 
(D:\personal\toy_shop\apps\storefront) 
C:\Users\Durai Murugan\AppData\Local\pnpm\.tool
s\pnpm\9.15.4\bin\pnpm.CMD run build exited (1)

 Tasks:    0 successful, 1 total
Cached:    0 cached, 1 total
  Time:    7.588s 
Failed:    @nss/storefront#build

 ERROR  run failed: command  exited (1)
ΓÇëELIFECYCLEΓÇë Command failed with exit code 1.
